2025-10-03 15:35:23,102 [INFO] Normalization start phase=A
2025-10-03 15:35:23,125 [INFO] [DRY] Would normalize crm::10-Q::2025-04-30::fy26-q1-form-10-q::e16f2866 from data/raw/sec/crm::10-Q::2025-04-30::fy26-q1-form-10-q::e16f2866.raw.html
2025-10-03 15:35:23,125 [INFO] [DRY] Would normalize crm::10-Q::2025-04-30::fy26-q1-form-10-q::e16f2866 from data/raw/sec/crm::10-Q::2025-04-30::fy26-q1-form-10-q::e16f2866.raw.html
2025-10-03 15:35:23,125 [INFO] [DRY] Would normalize crm::8-K::2025-06-05::proxy-meeting-results-2025-06-05::47c09586 from data/raw/sec/crm::8-K::2025-06-05::proxy-meeting-results-2025-06-05::47c09586.raw.html
2025-10-03 15:35:23,125 [INFO] [DRY] Would normalize crm::8-K::2025-06-05::proxy-meeting-results-2025-06-05::47c09586 from data/raw/sec/crm::8-K::2025-06-05::proxy-meeting-results-2025-06-05::47c09586.raw.html
2025-10-03 15:35:23,125 [INFO] [DRY] Would normalize crm::dev_docs::unknown::get-started-with-the-agent-api::202f14da from data/raw/dev_docs/crm::dev_docs::unknown::get-started-with-the-agent-api::202f14da.raw.html
2025-10-03 15:35:23,125 [INFO] [DRY] Would normalize crm::dev_docs::unknown::get-started-with-the-agent-api::202f14da from data/raw/dev_docs/crm::dev_docs::unknown::get-started-with-the-agent-api::202f14da.raw.html
2025-10-03 15:35:23,125 [INFO] [DRY] Would normalize crm::help_docs::developer::agent-api-get-started::bf1ffcc5 from data/raw/help_docs/crm::help_docs::developer::agent-api-get-started::bf1ffcc5.raw.html
2025-10-03 15:35:23,125 [INFO] [DRY] Would normalize crm::help_docs::developer::agent-api-get-started::bf1ffcc5 from data/raw/help_docs/crm::help_docs::developer::agent-api-get-started::bf1ffcc5.raw.html
2025-10-03 15:35:23,125 [INFO] [DRY] Would normalize crm::help_docs::developer::get-started-agents::0ef2421d from data/raw/help_docs/crm::help_docs::developer::get-started-agents::0ef2421d.raw.html
2025-10-03 15:35:23,125 [INFO] [DRY] Would normalize crm::help_docs::developer::get-started-agents::0ef2421d from data/raw/help_docs/crm::help_docs::developer::get-started-agents::0ef2421d.raw.html
2025-10-03 15:35:23,125 [INFO] [DRY] Would normalize crm::press::2023-08-04::salesforce-launches-byom-to-make-it-easy-for-businesses-to-use-proprietary-data-::61063b9d from data/raw/newsroom/crm::press::2023-08-04::salesforce-launches-byom-to-make-it-easy-for-businesses-to-use-proprietary-data-::61063b9d.raw.html
2025-10-03 15:35:23,125 [INFO] [DRY] Would normalize crm::press::2023-08-04::salesforce-launches-byom-to-make-it-easy-for-businesses-to-use-proprietary-data-::61063b9d from data/raw/newsroom/crm::press::2023-08-04::salesforce-launches-byom-to-make-it-easy-for-businesses-to-use-proprietary-data-::61063b9d.raw.html
2025-10-03 15:35:23,125 [INFO] [DRY] Would normalize crm::press::2023-09-07::new-ai-usage-data-shows-who-s-using-ai-and-uncovers-a-population-of-super-users::2f093480 from data/raw/newsroom/crm::press::2023-09-07::new-ai-usage-data-shows-who-s-using-ai-and-uncovers-a-population-of-super-users::2f093480.raw.html
2025-10-03 15:35:23,125 [INFO] [DRY] Would normalize crm::press::2023-09-07::new-ai-usage-data-shows-who-s-using-ai-and-uncovers-a-population-of-super-users::2f093480 from data/raw/newsroom/crm::press::2023-09-07::new-ai-usage-data-shows-who-s-using-ai-and-uncovers-a-population-of-super-users::2f093480.raw.html
2025-10-03 15:35:23,125 [INFO] [DRY] Would normalize crm::press::2024-04-25::news-details::65e3c0b7 from data/raw/investor_news/crm::press::2024-04-25::news-details::65e3c0b7.raw.html
2025-10-03 15:35:23,125 [INFO] [DRY] Would normalize crm::press::2024-04-25::news-details::65e3c0b7 from data/raw/investor_news/crm::press::2024-04-25::news-details::65e3c0b7.raw.html
2025-10-03 15:35:23,125 [INFO] [DRY] Would normalize crm::press::2024-04-30::news-details::05db958d from data/raw/investor_news/crm::press::2024-04-30::news-details::05db958d.raw.html
2025-10-03 15:35:23,125 [INFO] [DRY] Would normalize crm::press::2024-04-30::news-details::05db958d from data/raw/investor_news/crm::press::2024-04-30::news-details::05db958d.raw.html
2025-10-03 15:35:23,125 [INFO] [DRY] Would normalize crm::press::2024-05-22::news-details::2d2829a8 from data/raw/investor_news/crm::press::2024-05-22::news-details::2d2829a8.raw.html
2025-10-03 15:35:23,125 [INFO] [DRY] Would normalize crm::press::2024-05-22::news-details::2d2829a8 from data/raw/investor_news/crm::press::2024-05-22::news-details::2d2829a8.raw.html
2025-10-03 15:35:23,125 [INFO] [DRY] Would normalize crm::press::2024-07-31::news-details::9b19c384 from data/raw/investor_news/crm::press::2024-07-31::news-details::9b19c384.raw.html
2025-10-03 15:35:23,125 [INFO] [DRY] Would normalize crm::press::2024-07-31::news-details::9b19c384 from data/raw/investor_news/crm::press::2024-07-31::news-details::9b19c384.raw.html
2025-10-03 15:35:23,125 [INFO] [DRY] Would normalize crm::press::2024-09-05::news-details::e32cfe52 from data/raw/investor_news/crm::press::2024-09-05::news-details::e32cfe52.raw.html
2025-10-03 15:35:23,126 [INFO] [DRY] Would normalize crm::press::2024-09-05::news-details::e32cfe52 from data/raw/investor_news/crm::press::2024-09-05::news-details::e32cfe52.raw.html
2025-10-03 15:35:23,126 [INFO] [DRY] Would normalize crm::press::2024-11-25::how-new-digital-workers-will-lead-to-an-unlimited-age::88c1752e from data/raw/newsroom/crm::press::2024-11-25::how-new-digital-workers-will-lead-to-an-unlimited-age::88c1752e.raw.html
2025-10-03 15:35:23,126 [INFO] [DRY] Would normalize crm::press::2024-11-25::how-new-digital-workers-will-lead-to-an-unlimited-age::88c1752e from data/raw/newsroom/crm::press::2024-11-25::how-new-digital-workers-will-lead-to-an-unlimited-age::88c1752e.raw.html
2025-10-03 15:35:23,126 [INFO] [DRY] Would normalize crm::press::2025-01-06::news-details::ec6a2e76 from data/raw/investor_news/crm::press::2025-01-06::news-details::ec6a2e76.raw.html
2025-10-03 15:35:23,126 [INFO] [DRY] Would normalize crm::press::2025-01-06::news-details::ec6a2e76 from data/raw/investor_news/crm::press::2025-01-06::news-details::ec6a2e76.raw.html
2025-10-03 15:35:23,126 [INFO] [DRY] Would normalize crm::press::2025-01-31::news-details::9711c8f6 from data/raw/investor_news/crm::press::2025-01-31::news-details::9711c8f6.raw.html
2025-10-03 15:35:23,126 [INFO] [DRY] Would normalize crm::press::2025-01-31::news-details::9711c8f6 from data/raw/investor_news/crm::press::2025-01-31::news-details::9711c8f6.raw.html
2025-10-03 15:35:23,126 [INFO] [DRY] Would normalize crm::press::2025-02-05::salesforce-appoints-robin-washington-as-president-and-chief-operating-and-financ::a014cf0d from data/raw/newsroom/crm::press::2025-02-05::salesforce-appoints-robin-washington-as-president-and-chief-operating-and-financ::a014cf0d.raw.html
2025-10-03 15:35:23,126 [INFO] [DRY] Would normalize crm::press::2025-02-05::salesforce-appoints-robin-washington-as-president-and-chief-operating-and-financ::a014cf0d from data/raw/newsroom/crm::press::2025-02-05::salesforce-appoints-robin-washington-as-president-and-chief-operating-and-financ::a014cf0d.raw.html
2025-10-03 15:35:23,126 [INFO] [DRY] Would normalize crm::press::2025-02-24::news-details::dbd232c6 from data/raw/investor_news/crm::press::2025-02-24::news-details::dbd232c6.raw.html
2025-10-03 15:35:23,126 [INFO] [DRY] Would normalize crm::press::2025-02-24::news-details::dbd232c6 from data/raw/investor_news/crm::press::2025-02-24::news-details::dbd232c6.raw.html
2025-10-03 15:35:23,126 [INFO] [DRY] Would normalize crm::press::2025-03-05::salesforce-launches-agentforce-2dx-new-capabilities-embed-proactive-agentic-ai-i::5aab8dce from data/raw/newsroom/crm::press::2025-03-05::salesforce-launches-agentforce-2dx-new-capabilities-embed-proactive-agentic-ai-i::5aab8dce.raw.html
2025-10-03 15:35:23,126 [INFO] [DRY] Would normalize crm::press::2025-03-05::salesforce-launches-agentforce-2dx-new-capabilities-embed-proactive-agentic-ai-i::5aab8dce from data/raw/newsroom/crm::press::2025-03-05::salesforce-launches-agentforce-2dx-new-capabilities-embed-proactive-agentic-ai-i::5aab8dce.raw.html
2025-10-03 15:35:23,126 [INFO] [DRY] Would normalize crm::press::2025-03-11::salesforce-to-invest-usd-1b-in-singapore-over-5-years::e42cc2ef from data/raw/newsroom/crm::press::2025-03-11::salesforce-to-invest-usd-1b-in-singapore-over-5-years::e42cc2ef.raw.html
2025-10-03 15:35:23,126 [INFO] [DRY] Would normalize crm::press::2025-03-11::salesforce-to-invest-usd-1b-in-singapore-over-5-years::e42cc2ef from data/raw/newsroom/crm::press::2025-03-11::salesforce-to-invest-usd-1b-in-singapore-over-5-years::e42cc2ef.raw.html
2025-10-03 15:35:23,126 [INFO] [DRY] Would normalize crm::press::2025-05-08::salesforce-unveils-life-sciences-partner-network-to-accelerate-digital-labor-and::7ee62409 from data/raw/newsroom/crm::press::2025-05-08::salesforce-unveils-life-sciences-partner-network-to-accelerate-digital-labor-and::7ee62409.raw.html
2025-10-03 15:35:23,126 [INFO] [DRY] Would normalize crm::press::2025-05-08::salesforce-unveils-life-sciences-partner-network-to-accelerate-digital-labor-and::7ee62409 from data/raw/newsroom/crm::press::2025-05-08::salesforce-unveils-life-sciences-partner-network-to-accelerate-digital-labor-and::7ee62409.raw.html
2025-10-03 15:35:23,126 [INFO] [DRY] Would normalize crm::press::2025-05-15::salesforce-introduces-new-flexible-agentforce-pricing-to-accelerate-the-digital-::e5db6975 from data/raw/newsroom/crm::press::2025-05-15::salesforce-introduces-new-flexible-agentforce-pricing-to-accelerate-the-digital-::e5db6975.raw.html
2025-10-03 15:35:23,126 [INFO] [DRY] Would normalize crm::press::2025-05-15::salesforce-introduces-new-flexible-agentforce-pricing-to-accelerate-the-digital-::e5db6975 from data/raw/newsroom/crm::press::2025-05-15::salesforce-introduces-new-flexible-agentforce-pricing-to-accelerate-the-digital-::e5db6975.raw.html
2025-10-03 15:35:23,126 [INFO] [DRY] Would normalize crm::press::2025-05-28::news-details::e526586e from data/raw/investor_news/crm::press::2025-05-28::news-details::e526586e.raw.html
2025-10-03 15:35:23,126 [INFO] [DRY] Would normalize crm::press::2025-05-28::news-details::e526586e from data/raw/investor_news/crm::press::2025-05-28::news-details::e526586e.raw.html
2025-10-03 15:35:23,126 [INFO] [DRY] Would normalize crm::press::2025-05-28::salesforce-reports-record-first-quarter-fiscal-2026-results-exceeds-guidance-acr::da0fa31e from data/raw/newsroom/crm::press::2025-05-28::salesforce-reports-record-first-quarter-fiscal-2026-results-exceeds-guidance-acr::da0fa31e.raw.html
2025-10-03 15:35:23,126 [INFO] [DRY] Would normalize crm::press::2025-05-28::salesforce-reports-record-first-quarter-fiscal-2026-results-exceeds-guidance-acr::da0fa31e from data/raw/newsroom/crm::press::2025-05-28::salesforce-reports-record-first-quarter-fiscal-2026-results-exceeds-guidance-acr::da0fa31e.raw.html
2025-10-03 15:35:23,126 [INFO] [DRY] Would normalize crm::press::2025-06-03::salesforce-and-liv-golf-announce-strategic-partnership-to-power-new-era-of-fan-a::5cc46f5c from data/raw/newsroom/crm::press::2025-06-03::salesforce-and-liv-golf-announce-strategic-partnership-to-power-new-era-of-fan-a::5cc46f5c.raw.html
2025-10-03 15:35:23,126 [INFO] [DRY] Would normalize crm::press::2025-06-03::salesforce-and-liv-golf-announce-strategic-partnership-to-power-new-era-of-fan-a::5cc46f5c from data/raw/newsroom/crm::press::2025-06-03::salesforce-and-liv-golf-announce-strategic-partnership-to-power-new-era-of-fan-a::5cc46f5c.raw.html
2025-10-03 15:35:23,126 [INFO] [DRY] Would normalize crm::press::2025-06-16::salesforce-summer-039-25-release-new-agentforce-capabilities-and-product-enhance::0c4cc1db from data/raw/newsroom/crm::press::2025-06-16::salesforce-summer-039-25-release-new-agentforce-capabilities-and-product-enhance::0c4cc1db.raw.html
2025-10-03 15:35:23,126 [INFO] [DRY] Would normalize crm::press::2025-06-16::salesforce-summer-039-25-release-new-agentforce-capabilities-and-product-enhance::0c4cc1db from data/raw/newsroom/crm::press::2025-06-16::salesforce-summer-039-25-release-new-agentforce-capabilities-and-product-enhance::0c4cc1db.raw.html
2025-10-03 15:35:23,126 [INFO] [DRY] Would normalize crm::press::2025-06-23::salesforce-launches-agentforce-3-to-solve-the-biggest-blockers-to-scaling-ai-age::03415d24 from data/raw/newsroom/crm::press::2025-06-23::salesforce-launches-agentforce-3-to-solve-the-biggest-blockers-to-scaling-ai-age::03415d24.raw.html
2025-10-03 15:35:23,126 [INFO] [DRY] Would normalize crm::press::2025-06-23::salesforce-launches-agentforce-3-to-solve-the-biggest-blockers-to-scaling-ai-age::03415d24 from data/raw/newsroom/crm::press::2025-06-23::salesforce-launches-agentforce-3-to-solve-the-biggest-blockers-to-scaling-ai-age::03415d24.raw.html
2025-10-03 15:35:23,126 [INFO] [DRY] Would normalize crm::press::2025-07-09::salesforce-appoints-amy-chang-and-david-b-kirk-to-its-board-of-directors::62a8e699 from data/raw/newsroom/crm::press::2025-07-09::salesforce-appoints-amy-chang-and-david-b-kirk-to-its-board-of-directors::62a8e699.raw.html
2025-10-03 15:35:23,126 [INFO] [DRY] Would normalize crm::press::2025-07-09::salesforce-appoints-amy-chang-and-david-b-kirk-to-its-board-of-directors::62a8e699 from data/raw/newsroom/crm::press::2025-07-09::salesforce-appoints-amy-chang-and-david-b-kirk-to-its-board-of-directors::62a8e699.raw.html
2025-10-03 15:35:23,126 [INFO] [DRY] Would normalize crm::press::2025-08-19::new-ways-to-pay-make-it-easier-than-ever-to-get-started-with-agentforce::d1363ec8 from data/raw/newsroom/crm::press::2025-08-19::new-ways-to-pay-make-it-easier-than-ever-to-get-started-with-agentforce::d1363ec8.raw.html
2025-10-03 15:35:23,126 [INFO] [DRY] Would normalize crm::press::2025-08-19::new-ways-to-pay-make-it-easier-than-ever-to-get-started-with-agentforce::d1363ec8 from data/raw/newsroom/crm::press::2025-08-19::new-ways-to-pay-make-it-easier-than-ever-to-get-started-with-agentforce::d1363ec8.raw.html
2025-10-03 15:35:23,126 [INFO] [DRY] Would normalize crm::press::2025-09-02::salesforce-quarterly-highlights-fy26-q2-product-releases-and-corporate-announcem::ea02411d from data/raw/newsroom/crm::press::2025-09-02::salesforce-quarterly-highlights-fy26-q2-product-releases-and-corporate-announcem::ea02411d.raw.html
2025-10-03 15:35:23,126 [INFO] [DRY] Would normalize crm::press::2025-09-02::salesforce-quarterly-highlights-fy26-q2-product-releases-and-corporate-announcem::ea02411d from data/raw/newsroom/crm::press::2025-09-02::salesforce-quarterly-highlights-fy26-q2-product-releases-and-corporate-announcem::ea02411d.raw.html
2025-10-03 15:35:23,126 [INFO] [DRY] Would normalize crm::press::2025-09-03::news-details::2014af2d from data/raw/investor_news/crm::press::2025-09-03::news-details::2014af2d.raw.html
2025-10-03 15:35:23,126 [INFO] [DRY] Would normalize crm::press::2025-09-03::news-details::2014af2d from data/raw/investor_news/crm::press::2025-09-03::news-details::2014af2d.raw.html
2025-10-03 15:35:23,126 [INFO] [DRY] Would normalize crm::press::2025-09-03::salesforce-reports-record-second-quarter-fiscal-2026-results::d558c08c from data/raw/newsroom/crm::press::2025-09-03::salesforce-reports-record-second-quarter-fiscal-2026-results::d558c08c.raw.html
2025-10-03 15:35:23,126 [INFO] [DRY] Would normalize crm::press::2025-09-03::salesforce-reports-record-second-quarter-fiscal-2026-results::d558c08c from data/raw/newsroom/crm::press::2025-09-03::salesforce-reports-record-second-quarter-fiscal-2026-results::d558c08c.raw.html
2025-10-03 15:35:23,126 [INFO] [DRY] Would normalize crm::press::2025-09-05::why-agentic-ai-requires-a-smarter-cloud-infrastructure::9780ec57 from data/raw/newsroom/crm::press::2025-09-05::why-agentic-ai-requires-a-smarter-cloud-infrastructure::9780ec57.raw.html
2025-10-03 15:35:23,126 [INFO] [DRY] Would normalize crm::press::2025-09-05::why-agentic-ai-requires-a-smarter-cloud-infrastructure::9780ec57 from data/raw/newsroom/crm::press::2025-09-05::why-agentic-ai-requires-a-smarter-cloud-infrastructure::9780ec57.raw.html
2025-10-03 15:35:23,126 [INFO] [DRY] Would normalize crm::product::unknown::agentforce-the-ai-agent-platform::c8dd3707 from data/raw/product/crm::product::unknown::agentforce-the-ai-agent-platform::c8dd3707.raw.html
2025-10-03 15:35:23,126 [INFO] [DRY] Would normalize crm::product::unknown::agentforce-the-ai-agent-platform::c8dd3707 from data/raw/product/crm::product::unknown::agentforce-the-ai-agent-platform::c8dd3707.raw.html
2025-10-03 15:35:23,126 [INFO] [DRY] Would normalize crm::product::unknown::salesforce-data-cloud::ceadcc95 from data/raw/product/crm::product::unknown::salesforce-data-cloud::ceadcc95.raw.html
2025-10-03 15:35:23,126 [INFO] [DRY] Would normalize crm::product::unknown::salesforce-data-cloud::ceadcc95 from data/raw/product/crm::product::unknown::salesforce-data-cloud::ceadcc95.raw.html
2025-10-03 15:35:23,126 [INFO] Log: logs/fetch/20251003_153523.log
