2025-10-03 15:40:30,560 [INFO] Normalization start phase=A
2025-10-03 15:40:31,298 [INFO] OK crm::8-K::2025-06-05::proxy-meeting-results-2025-06-05::47c09586 bytes_before=5723 bytes_after=5662 retention=0.989 lang=en wc=957 tok=799
2025-10-03 15:40:31,324 [INFO] OK crm::8-K::2025-06-05::proxy-meeting-results-2025-06-05::47c09586 bytes_before=5723 bytes_after=5662 retention=0.989 lang=en wc=957 tok=799
2025-10-03 15:40:31,686 [INFO] OK crm::dev_docs::unknown::get-started-with-the-agent-api::202f14da bytes_before=7234 bytes_after=6889 retention=0.952 lang=en wc=1143 tok=1146
2025-10-03 15:40:31,818 [INFO] OK crm::dev_docs::unknown::get-started-with-the-agent-api::202f14da bytes_before=7234 bytes_after=6889 retention=0.952 lang=en wc=1143 tok=1146
2025-10-03 15:40:32,112 [INFO] OK crm::help_docs::developer::agent-api-get-started::bf1ffcc5 bytes_before=7840 bytes_after=7475 retention=0.953 lang=en wc=1240 tok=1244
2025-10-03 15:40:32,148 [INFO] OK crm::help_docs::developer::agent-api-get-started::bf1ffcc5 bytes_before=7840 bytes_after=7475 retention=0.953 lang=en wc=1240 tok=1244
2025-10-03 15:40:32,407 [INFO] OK crm::help_docs::developer::get-started-agents::0ef2421d bytes_before=4723 bytes_after=4567 retention=0.967 lang=en wc=702 tok=700
2025-10-03 15:40:32,540 [INFO] OK crm::help_docs::developer::get-started-agents::0ef2421d bytes_before=4723 bytes_after=4567 retention=0.967 lang=en wc=702 tok=700
2025-10-03 15:40:32,717 [INFO] OK crm::press::2023-08-04::salesforce-launches-byom-to-make-it-easy-for-businesses-to-use-proprietary-data-::61063b9d bytes_before=11904 bytes_after=11026 retention=0.926 lang=en wc=1724 tok=1670
2025-10-03 15:40:32,947 [INFO] OK crm::press::2023-08-04::salesforce-launches-byom-to-make-it-easy-for-businesses-to-use-proprietary-data-::61063b9d bytes_before=11904 bytes_after=11026 retention=0.926 lang=en wc=1724 tok=1670
2025-10-03 15:40:33,033 [INFO] OK crm::press::2023-09-07::new-ai-usage-data-shows-who-s-using-ai-and-uncovers-a-population-of-super-users::2f093480 bytes_before=6558 bytes_after=5774 retention=0.880 lang=en wc=974 tok=949
2025-10-03 15:40:33,306 [INFO] OK crm::press::2023-09-07::new-ai-usage-data-shows-who-s-using-ai-and-uncovers-a-population-of-super-users::2f093480 bytes_before=6558 bytes_after=5774 retention=0.880 lang=en wc=974 tok=949
2025-10-03 15:40:33,309 [INFO] OK crm::press::2024-04-25::news-details::65e3c0b7 bytes_before=15394 bytes_after=14947 retention=0.971 lang=en wc=2319 tok=2295
2025-10-03 15:40:33,314 [INFO] OK crm::10-Q::2025-04-30::fy26-q1-form-10-q::e16f2866 bytes_before=297499 bytes_after=295417 retention=0.993 lang=en wc=44574 tok=42744
2025-10-03 15:40:33,319 [INFO] OK crm::10-Q::2025-04-30::fy26-q1-form-10-q::e16f2866 bytes_before=297499 bytes_after=295417 retention=0.993 lang=en wc=44574 tok=42744
2025-10-03 15:40:33,669 [INFO] OK crm::press::2024-04-25::news-details::65e3c0b7 bytes_before=15394 bytes_after=14947 retention=0.971 lang=en wc=2319 tok=2295
2025-10-03 15:40:33,757 [INFO] OK crm::press::2024-05-22::news-details::2d2829a8 bytes_before=10260 bytes_after=9777 retention=0.953 lang=en wc=1513 tok=1494
2025-10-03 15:40:33,974 [INFO] OK crm::press::2024-05-22::news-details::2d2829a8 bytes_before=10260 bytes_after=9777 retention=0.953 lang=en wc=1513 tok=1494
2025-10-03 15:40:34,714 [INFO] OK crm::press::2024-04-30::news-details::05db958d bytes_before=57846 bytes_after=36305 retention=0.628 lang=en wc=5790 tok=5487
2025-10-03 15:40:34,794 [INFO] OK crm::press::2024-04-30::news-details::05db958d bytes_before=57846 bytes_after=36305 retention=0.628 lang=en wc=5790 tok=5487
2025-10-03 15:40:34,956 [INFO] OK crm::press::2024-09-05::news-details::e32cfe52 bytes_before=7111 bytes_after=6810 retention=0.958 lang=en wc=1031 tok=985
2025-10-03 15:40:35,005 [INFO] OK crm::press::2024-09-05::news-details::e32cfe52 bytes_before=7111 bytes_after=6810 retention=0.958 lang=en wc=1031 tok=985
2025-10-03 15:40:35,335 [INFO] OK crm::press::2024-11-25::how-new-digital-workers-will-lead-to-an-unlimited-age::88c1752e bytes_before=9818 bytes_after=9809 retention=0.999 lang=en wc=1579 tok=1538
2025-10-03 15:40:35,336 [INFO] OK crm::press::2024-11-25::how-new-digital-workers-will-lead-to-an-unlimited-age::88c1752e bytes_before=9818 bytes_after=9809 retention=0.999 lang=en wc=1579 tok=1538
2025-10-03 15:40:35,336 [INFO] OK crm::press::2024-07-31::news-details::9b19c384 bytes_before=80769 bytes_after=40309 retention=0.499 lang=en wc=6634 tok=6315
2025-10-03 15:40:35,408 [INFO] OK crm::press::2024-07-31::news-details::9b19c384 bytes_before=80769 bytes_after=40309 retention=0.499 lang=en wc=6634 tok=6315
2025-10-03 15:40:35,573 [INFO] OK crm::press::2025-01-06::news-details::ec6a2e76 bytes_before=10823 bytes_after=7674 retention=0.709 lang=en wc=1219 tok=1184
2025-10-03 15:40:35,647 [INFO] OK crm::press::2025-01-06::news-details::ec6a2e76 bytes_before=10823 bytes_after=7674 retention=0.709 lang=en wc=1219 tok=1184
2025-10-03 15:40:36,215 [INFO] OK crm::press::2025-02-05::salesforce-appoints-robin-washington-as-president-and-chief-operating-and-financ::a014cf0d bytes_before=5723 bytes_after=5147 retention=0.899 lang=en wc=798 tok=783
2025-10-03 15:40:36,216 [INFO] OK crm::press::2025-02-05::salesforce-appoints-robin-washington-as-president-and-chief-operating-and-financ::a014cf0d bytes_before=5723 bytes_after=5147 retention=0.899 lang=en wc=798 tok=783
2025-10-03 15:40:36,247 [INFO] OK crm::press::2025-01-31::news-details::9711c8f6 bytes_before=48178 bytes_after=40014 retention=0.831 lang=en wc=6582 tok=6226
2025-10-03 15:40:36,252 [INFO] OK crm::press::2025-01-31::news-details::9711c8f6 bytes_before=48178 bytes_after=40014 retention=0.831 lang=en wc=6582 tok=6226
2025-10-03 15:40:36,278 [INFO] OK crm::press::2025-02-24::news-details::dbd232c6 bytes_before=13967 bytes_after=12918 retention=0.925 lang=en wc=1890 tok=1840
2025-10-03 15:40:36,374 [INFO] OK crm::press::2025-02-24::news-details::dbd232c6 bytes_before=13967 bytes_after=12918 retention=0.925 lang=en wc=1890 tok=1840
2025-10-03 15:40:36,445 [INFO] OK crm::press::2025-03-05::salesforce-launches-agentforce-2dx-new-capabilities-embed-proactive-agentic-ai-i::5aab8dce bytes_before=22017 bytes_after=20979 retention=0.953 lang=en wc=3120 tok=3085
2025-10-03 15:40:36,446 [INFO] OK crm::press::2025-03-05::salesforce-launches-agentforce-2dx-new-capabilities-embed-proactive-agentic-ai-i::5aab8dce bytes_before=22017 bytes_after=20979 retention=0.953 lang=en wc=3120 tok=3085
2025-10-03 15:40:36,478 [INFO] OK crm::press::2025-03-11::salesforce-to-invest-usd-1b-in-singapore-over-5-years::e42cc2ef bytes_before=10312 bytes_after=9520 retention=0.923 lang=en wc=1419 tok=1387
2025-10-03 15:40:36,538 [INFO] OK crm::press::2025-05-08::salesforce-unveils-life-sciences-partner-network-to-accelerate-digital-labor-and::7ee62409 bytes_before=14561 bytes_after=13570 retention=0.932 lang=en wc=1926 tok=1909
2025-10-03 15:40:36,544 [INFO] OK crm::press::2025-03-11::salesforce-to-invest-usd-1b-in-singapore-over-5-years::e42cc2ef bytes_before=10312 bytes_after=9520 retention=0.923 lang=en wc=1419 tok=1387
2025-10-03 15:40:36,620 [INFO] OK crm::press::2025-05-08::salesforce-unveils-life-sciences-partner-network-to-accelerate-digital-labor-and::7ee62409 bytes_before=14561 bytes_after=13570 retention=0.932 lang=en wc=1926 tok=1909
2025-10-03 15:40:36,735 [INFO] OK crm::press::2025-05-15::salesforce-introduces-new-flexible-agentforce-pricing-to-accelerate-the-digital-::e5db6975 bytes_before=12198 bytes_after=11363 retention=0.932 lang=en wc=1710 tok=1678
2025-10-03 15:40:36,856 [INFO] OK crm::press::2025-05-15::salesforce-introduces-new-flexible-agentforce-pricing-to-accelerate-the-digital-::e5db6975 bytes_before=12198 bytes_after=11363 retention=0.932 lang=en wc=1710 tok=1678
2025-10-03 15:40:37,201 [INFO] OK crm::press::2025-05-28::salesforce-reports-record-first-quarter-fiscal-2026-results-exceeds-guidance-acr::da0fa31e bytes_before=7496 bytes_after=6837 retention=0.912 lang=en wc=1123 tok=1060
2025-10-03 15:40:37,202 [INFO] OK crm::press::2025-05-28::salesforce-reports-record-first-quarter-fiscal-2026-results-exceeds-guidance-acr::da0fa31e bytes_before=7496 bytes_after=6837 retention=0.912 lang=en wc=1123 tok=1060
2025-10-03 15:40:37,202 [INFO] OK crm::press::2025-05-28::news-details::e526586e bytes_before=41026 bytes_after=39044 retention=0.952 lang=en wc=6201 tok=5885
2025-10-03 15:40:37,221 [INFO] OK crm::press::2025-05-28::news-details::e526586e bytes_before=41026 bytes_after=39044 retention=0.952 lang=en wc=6201 tok=5885
2025-10-03 15:40:37,342 [INFO] OK crm::press::2025-06-16::salesforce-summer-039-25-release-new-agentforce-capabilities-and-product-enhance::0c4cc1db bytes_before=7319 bytes_after=6529 retention=0.892 lang=en wc=959 tok=940
2025-10-03 15:40:37,343 [INFO] OK crm::press::2025-06-03::salesforce-and-liv-golf-announce-strategic-partnership-to-power-new-era-of-fan-a::5cc46f5c bytes_before=7789 bytes_after=7099 retention=0.911 lang=en wc=1075 tok=1055
2025-10-03 15:40:37,343 [INFO] OK crm::press::2025-06-03::salesforce-and-liv-golf-announce-strategic-partnership-to-power-new-era-of-fan-a::5cc46f5c bytes_before=7789 bytes_after=7099 retention=0.911 lang=en wc=1075 tok=1055
2025-10-03 15:40:37,343 [INFO] OK crm::press::2025-06-16::salesforce-summer-039-25-release-new-agentforce-capabilities-and-product-enhance::0c4cc1db bytes_before=7319 bytes_after=6529 retention=0.892 lang=en wc=959 tok=940
2025-10-03 15:40:37,498 [INFO] OK crm::press::2025-07-09::salesforce-appoints-amy-chang-and-david-b-kirk-to-its-board-of-directors::62a8e699 bytes_before=6246 bytes_after=5669 retention=0.908 lang=en wc=867 tok=848
2025-10-03 15:40:37,498 [INFO] OK crm::press::2025-06-23::salesforce-launches-agentforce-3-to-solve-the-biggest-blockers-to-scaling-ai-age::03415d24 bytes_before=20790 bytes_after=19764 retention=0.951 lang=en wc=2948 tok=2895
2025-10-03 15:40:37,499 [INFO] OK crm::press::2025-07-09::salesforce-appoints-amy-chang-and-david-b-kirk-to-its-board-of-directors::62a8e699 bytes_before=6246 bytes_after=5669 retention=0.908 lang=en wc=867 tok=848
2025-10-03 15:40:37,504 [INFO] OK crm::press::2025-06-23::salesforce-launches-agentforce-3-to-solve-the-biggest-blockers-to-scaling-ai-age::03415d24 bytes_before=20790 bytes_after=19764 retention=0.951 lang=en wc=2948 tok=2895
2025-10-03 15:40:37,606 [INFO] OK crm::press::2025-08-19::new-ways-to-pay-make-it-easier-than-ever-to-get-started-with-agentforce::d1363ec8 bytes_before=4861 bytes_after=4476 retention=0.921 lang=en wc=719 tok=680
2025-10-03 15:40:37,618 [INFO] OK crm::press::2025-08-19::new-ways-to-pay-make-it-easier-than-ever-to-get-started-with-agentforce::d1363ec8 bytes_before=4861 bytes_after=4476 retention=0.921 lang=en wc=719 tok=680
2025-10-03 15:40:37,687 [INFO] OK crm::press::2025-09-02::salesforce-quarterly-highlights-fy26-q2-product-releases-and-corporate-announcem::ea02411d bytes_before=13547 bytes_after=12725 retention=0.939 lang=en wc=1872 tok=1848
2025-10-03 15:40:37,699 [INFO] OK crm::press::2025-09-02::salesforce-quarterly-highlights-fy26-q2-product-releases-and-corporate-announcem::ea02411d bytes_before=13547 bytes_after=12725 retention=0.939 lang=en wc=1872 tok=1848
2025-10-03 15:40:38,269 [INFO] OK crm::press::2025-09-03::salesforce-reports-record-second-quarter-fiscal-2026-results::d558c08c bytes_before=6959 bytes_after=6329 retention=0.909 lang=en wc=1026 tok=965
2025-10-03 15:40:38,353 [INFO] OK crm::press::2025-09-03::salesforce-reports-record-second-quarter-fiscal-2026-results::d558c08c bytes_before=6959 bytes_after=6329 retention=0.909 lang=en wc=1026 tok=965
2025-10-03 15:40:38,558 [INFO] OK crm::press::2025-09-05::why-agentic-ai-requires-a-smarter-cloud-infrastructure::9780ec57 bytes_before=8543 bytes_after=7695 retention=0.901 lang=en wc=1119 tok=1086
2025-10-03 15:40:38,559 [INFO] OK crm::press::2025-09-03::news-details::2014af2d bytes_before=44862 bytes_after=41164 retention=0.918 lang=en wc=6739 tok=6414
2025-10-03 15:40:38,559 [INFO] OK crm::press::2025-09-05::why-agentic-ai-requires-a-smarter-cloud-infrastructure::9780ec57 bytes_before=8543 bytes_after=7695 retention=0.901 lang=en wc=1119 tok=1086
2025-10-03 15:40:38,559 [INFO] OK crm::press::2025-09-03::news-details::2014af2d bytes_before=44862 bytes_after=41164 retention=0.918 lang=en wc=6739 tok=6414
2025-10-03 15:40:39,082 [INFO] OK crm::product::unknown::salesforce-data-cloud::ceadcc95 bytes_before=9656 bytes_after=6172 retention=0.639 lang=en wc=1001 tok=990
2025-10-03 15:40:39,083 [INFO] OK crm::product::unknown::agentforce-the-ai-agent-platform::c8dd3707 bytes_before=17926 bytes_after=12610 retention=0.703 lang=en wc=1881 tok=1867
2025-10-03 15:40:39,084 [INFO] OK crm::product::unknown::salesforce-data-cloud::ceadcc95 bytes_before=9656 bytes_after=6172 retention=0.639 lang=en wc=1001 tok=990
2025-10-03 15:40:39,084 [INFO] OK crm::product::unknown::agentforce-the-ai-agent-platform::c8dd3707 bytes_before=17926 bytes_after=12610 retention=0.703 lang=en wc=1881 tok=1867
2025-10-03 15:40:39,084 [INFO] Normalization complete. Log: logs/fetch/20251003_154030.log
